// Jest Snapshot v1, https://goo.gl/fbAQLP

exports[`should match snapshot 1`] = `
<DocumentFragment>
  <div
    class="Card"
  >
    <h4
      class="Card-title"
    >
      This is a fake picture
    </h4>
    <img
      alt="This is a fake picture"
      class="Card-image"
      src="picture.png"
    />
    <small
      class="Card-small"
    >
      Image 1 of 1.
    </small>
  </div>
</DocumentFragment>
`;
